// Jest Snapshot v1, https://goo.gl/fbAQLP

exports[`MapOpenLayer should render 1`] = `
<div
  className="map"
  id="map"
/>
`;
