// Jest Snapshot v1, https://goo.gl/fbAQLP

exports[`<DetailsButton /> should render 1`] = `
<withStyles(Button)
  onClick={[Function]}
  raised={true}
>
  Details
</withStyles(Button)>
`;
