// Jest Snapshot v1, https://goo.gl/fbAQLP

exports[`<DetailHour /> should render 1`] = `
<div
  className="DetailHour-root-1"
>
  <div>
    <withStyles(Typography)
      type="title"
    >
      <IconWeather
        code={803}
      />
    </withStyles(Typography)>
  </div>
  <div>
    <withStyles(Typography)
      type="subheading"
    >
      22
       Â°
    </withStyles(Typography)>
  </div>
  <div>
    <withStyles(Typography)
      type="subheading"
    >
      Clouds
    </withStyles(Typography)>
  </div>
  <div>
    <withStyles(Typography)
      type="body1"
    >
      Wind 
      <IconWind
        degree={227.007}
      />
       
      3
       mps
    </withStyles(Typography)>
  </div>
  <div>
    <withStyles(Typography)
      type="body1"
    >
      Humidity 
      63
       
      %
    </withStyles(Typography)>
  </div>
  <div>
    <withStyles(Divider) />
    <withStyles(Typography)
      type="subheading"
    >
      <strong>
        2 AM
      </strong>
    </withStyles(Typography)>
  </div>
</div>
`;
