// Jest Snapshot v1, https://goo.gl/fbAQLP

exports[`<SummaryButton /> should render 1`] = `
<withStyles(Button)
  onClick={[Function]}
>
  Summary
</withStyles(Button)>
`;
