// Jest Snapshot v1, https://goo.gl/fbAQLP

exports[`<Map /> should render 1`] = `
<div>
  <Connect(Navigations) />
  <Connect(Map) />
</div>
`;
