// Jest Snapshot v1, https://goo.gl/fbAQLP

exports[`<Foo /> renders correctly 1`] = `
<p
  onClick={[Function]}
>
  I am not a very smart component...
</p>
`;
